// Compilers view of MMU. Note these values are determined by the origin statements in the BIOS.
//Segment           Origin     Size
Root Code           00:0000    001ce1
Root Data           80:c562    000000
Xmem Code           ff:e744    000000



// Function mapping and source reference.
// * The size of labels is indeterminate and so is denoted with an asterisk.
//  Addr     Size   Function                        File                         Line Num
    1ac3        *   readFlash                       \AT_FLASH.LIB                      27


// Global/static data symbol mapping and source reference.
//  Addr     Size   Symbol                          File                         Line Num  Type

// Parameter and local auto symbol mapping and source reference.
//Offset Rel. to     Size   Symbol                          File                         Line Num  Type
       5      SP        1   readFlash:set_defaults          \AT_FLASH.LIB                      27  char            
       1      SP        2   readFlash:i                     \AT_FLASH.LIB                      29  unsigned int    
       0      SP        1   readFlash:user_block_init       \AT_FLASH.LIB                      30  char            


// Macro listing and source reference.
//  Name                           File                         Line Num
   _RESTRICT_WATCHCODE_            
   __JRIO_LIB                      \JRIO.LIB                           2
   PWM_SIZE                        \JRIO.LIB                          21
   PWM_MIN                         \JRIO.LIB                          22
   PWM_MAX0                        \JRIO.LIB                          23
   PWM_MAX1                        \JRIO.LIB                          24
   __JR485_LIB                     \JR485.LIB                          2
   ZWORLD_RESERVED_SIZE            \DEFAULT.H                        276
   SETUSERMODE                     \DEFAULT.H                        286
   SETSYSMODE                      \DEFAULT.H                        287
   _system                         \DEFAULT.H                        288
   _SYS_CALL_VARS                  \DEFAULT.H                        289
   _NET_SYSCALL                    \DEFAULT.H                        290
   _rk_printf                      \DEFAULT.H                        291
   _rk_sprintf                     \DEFAULT.H                        292
   DK_ENABLE_BREAKPOINTS           \DEFAULT.H                        328
   DK_ENABLE_ASMSINGLESTEP         \DEFAULT.H                        336
   DK_ENABLE_WATCHEXPRESSIONS      \DEFAULT.H                        344
   DK_ENABLE_TRACING               \DEFAULT.H                        352
   DK_ENABLE_STACK_TRACING         \DEFAULT.H                        360
   DK_SEND_STACK_LENGTH            \DEFAULT.H                        368
   DK_ENABLE_DEBUGKERNEL           \DEFAULT.H                        370
   DK_ENABLE_TRACING               \DEFAULT.H                        377
   DK_ENABLE_STACK_TRACING         \DEFAULT.H                        380
   DK_ENABLE_ASMSINGLESTEP         \DEFAULT.H                        383
   DK_ENABLE_BREAKPOINTS           \DEFAULT.H                        386
   DK_ENABLE_WATCHEXPRESSIONS      \DEFAULT.H                        389
   __DKENTRY_LIB                   \DKENTRY.LIB                        2
   __DKCOMMON_LIB                  \DKCOMMON.LIB                       2
   __DKCORE_LIB                    \DKCORE.LIB                         2
   TC_TYPE_DEBUG                   \DKCORE.LIB                        14
   TC_DEBUG_NOREQUEST              \DKCORE.LIB                        16
   TC_DEBUG_SINGLESTEP             \DKCORE.LIB                        17
   TC_DEBUG_TOGGLEBREAKPOINT       \DKCORE.LIB                        18
   TC_DEBUG_CLEARBREAKPOINTS       \DKCORE.LIB                        19
   TC_DEBUG_TOGGLEALLBREAKPOINTS   \DKCORE.LIB                        20
   TC_DEBUG_ATBREAKPOINT           \DKCORE.LIB                        21
   TC_DEBUG_STARTPROGRAM           \DKCORE.LIB                        22
   TC_DEBUG_RUNPROGRAM             \DKCORE.LIB                        23
   TC_DEBUG_STOPPROGRAM            \DKCORE.LIB                        24
   TC_DEBUG_ADDWATCH               \DKCORE.LIB                        25
   TC_DEBUG_DELETEWATCH            \DKCORE.LIB                        26
   TC_DEBUG_DELETEALLWATCHES       \DKCORE.LIB                        27
   TC_DEBUG_EXECWATCH              \DKCORE.LIB                        28
   TC_DEBUG_EXECALLWATCHES         \DKCORE.LIB                        29
   TC_DEBUG_SENDCHAR               \DKCORE.LIB                        30
   TC_DEBUG_RESET                  \DKCORE.LIB                        31
   TC_DEBUG_SETSENDFLAGS           \DKCORE.LIB                        32
   TC_DEBUG_REGDATA                \DKCORE.LIB                        33
   TC_DEBUG_WATCHDATA              \DKCORE.LIB                        34
   TC_DEBUG_ASMDATA                \DKCORE.LIB                        35
   TC_DEBUG_STACKDATA              \DKCORE.LIB                        36
   TC_DEBUG_STDIO                  \DKCORE.LIB                        37
   TC_DEBUG_WRITEREGDATA           \DKCORE.LIB                        38
   TC_DEBUG_STDIOCHARREADY         \DKCORE.LIB                        39
   TC_DEBUG_NOOP                   \DKCORE.LIB                        40
   TC_DEBUG_ENABLEDOPTIONS         \DKCORE.LIB                        41
   DKF_STEP_INTO                   \DKCORE.LIB                        52
   DKF_STEP_OVER                   \DKCORE.LIB                        53
   DKF_STEP_ASM                    \DKCORE.LIB                        54
   DKF_STEP_SOURCE                 \DKCORE.LIB                        55
   DKF_STEP_CALL                   \DKCORE.LIB                        56
   DKF_STEP_LCALL                  \DKCORE.LIB                        57
   DKF_STAT_AT_BP                  \DKCORE.LIB                        60
   DKF_STAT_AT_HARD_BP             \DKCORE.LIB                        61
   DKF_STAT_RUNMODE                \DKCORE.LIB                        62
   DKF_STAT_STEPMODE               \DKCORE.LIB                        63
   DKF_STAT_ASMSTEPMODE            \DKCORE.LIB                        64
   DKF_STAT_ATEXIT                 \DKCORE.LIB                        65
   DKF_STAT_CONTEXTSWITCH          \DKCORE.LIB                        66
   DKF_STAT_INWATCH                \DKCORE.LIB                        67
   _TRACE                          \DKCORE.LIB                       135
   _TRACEON                        \DKCORE.LIB                       136
   _TRACEOFF                       \DKCORE.LIB                       137
   DK_SEND_ASM_LENGTH              \DKCORE.LIB                       141
   DKF_SEND_STACK                  \DKCORE.LIB                       143
   DKF_SEND_WATCHES                \DKCORE.LIB                       144
   DKF_SEND_ASM                    \DKCORE.LIB                       145
   DKF_SEND_REGS                   \DKCORE.LIB                       146
   DKF_SEND_STATUS                 \DKCORE.LIB                       147
   DKF_SEND_ACK                    \DKCORE.LIB                       148
   DK_ERROR_BPNOTENABLED           \DKCORE.LIB                       159
   DK_ERROR_ASMSINGLESTEPNOTENABLED \DKCORE.LIB                       160
   DK_ERROR_WATCHNOTENABLED        \DKCORE.LIB                       161
   DKF_STDIO_LOCK                  \DKCORE.LIB                       163
   DKF_GETCHAR_LOCK                \DKCORE.LIB                       164
   DKF_RESET_LOCK                  \DKCORE.LIB                       165
   DKF_DK_LOCK                     \DKCORE.LIB                       166
   DK_STDIO_TIMEOUT                \DKCORE.LIB                       167
   DK_GETCHAR_TIMEOUT              \DKCORE.LIB                       168
   dkIOI                           \DKCORE.LIB                       170
   dkIOE                           \DKCORE.LIB                       171
   dkALTD                          \DKCORE.LIB                       172
   DK_RST20                        \DKCORE.LIB                       174
   DK_RST28                        \DKCORE.LIB                       175
   dkZZ                            \DKCORE.LIB                       182
   dkZS                            \DKCORE.LIB                       183
   dkZD                            \DKCORE.LIB                       184
   dkZT                            \DKCORE.LIB                       185
   dkSZ                            \DKCORE.LIB                       186
   dkSS                            \DKCORE.LIB                       187
   dkSD                            \DKCORE.LIB                       188
   dkST                            \DKCORE.LIB                       189
   dkDZ                            \DKCORE.LIB                       190
   dkDS                            \DKCORE.LIB                       191
   dkDD                            \DKCORE.LIB                       192
   dkDT                            \DKCORE.LIB                       193
   dkTZ                            \DKCORE.LIB                       194
   dkTS                            \DKCORE.LIB                       195
   dkTD                            \DKCORE.LIB                       196
   dkTT                            \DKCORE.LIB                       197
   DK_MAX_WATCHES                  \DKCORE.LIB                       274
   DKF_BP_INACTIVE                 \DKCORE.LIB                       814
   DKF_BP_ACTIVE                   \DKCORE.LIB                       815
   DKF_BP_DELETED                  \DKCORE.LIB                       816
   DKF_BP_CONDITIONAL              \DKCORE.LIB                       817
   DKF_BP_HARD                     \DKCORE.LIB                       818
   DKF_BP_INSERT                   \DKCORE.LIB                       821
   DKF_BP_FOUND                    \DKCORE.LIB                       822
   DKF_BP_NOTFOUND                 \DKCORE.LIB                       823
   DKF_BP_EMPTYFOUND               \DKCORE.LIB                       824
   DKF_BP_EXHAUSTED                \DKCORE.LIB                       825
   DK_MAX_BREAKPOINTS              \DKCORE.LIB                       830
   DK_BREAKPOINT_MASK              \DKCORE.LIB                       848
   DKF_RST_RST28                   \DKCORE.LIB                      3264
   DKF_RST_RST20                   \DKCORE.LIB                      3265
   DKF_RST_RST18                   \DKCORE.LIB                      3266
   __DKAPP_LIB                     \DKAPP.LIB                          2
   DKF_OPTIONS_BREAKPOINTS         \DKAPP.LIB                         71
   DKF_OPTIONS_ASMSINGLESTEP       \DKAPP.LIB                         72
   DKF_OPTIONS_WATCHES             \DKAPP.LIB                         73
   DK_BREAKPOINTS_ENABLED          \DKAPP.LIB                         75
   DK_ASMSINGLESTEP_ENABLED        \DKAPP.LIB                         76
   DK_WATCHES_ENABLED              \DKAPP.LIB                         77
   __PROGRAM_LIB                   \PROGRAM.LIB                        2
   _program_debug                  \PROGRAM.LIB                        4
   _rk_mem_debug                   \MEM.LIB                            5
   XALLOC_ANY                      \MEM.LIB                           12
   XALLOC_BB                       \MEM.LIB                           13
   XALLOC_NOTBB                    \MEM.LIB                           14
   XALLOC_MAYBBB                   \MEM.LIB                           15
   _RS_USER_XALLOC_START           \MEM.LIB                           80
   _RS_XALLOC_START                \MEM.LIB                           81
   _RS_XALLOC_END                  \MEM.LIB                           82
   _xavail                         \MEM.LIB                          514
   USER_BLOCK_INIT_CODE            \AT_FLASH.LIB                       2
   FL_INDEX_GUID                   \AT_FLASH.LIB                       4
   FL_INDEX_TC_START               \AT_FLASH.LIB                       6
   FL_INDEX_PID_START              \AT_FLASH.LIB                       8
   FL_PID_SIZE                     \AT_FLASH.LIB                       9
   FL_INDEX_UL_START               \AT_FLASH.LIB                      11
   FL_UL_SIZE                      \AT_FLASH.LIB                      12
   FL_INDEX_STACK_START            \AT_FLASH.LIB                      14
   FL_STACK_SIZE                   \AT_FLASH.LIB                      15
   FL_INDEX_CMD_TOTAL_START        \AT_FLASH.LIB                      17
   FL_CMD_TOTAL_SIZE               \AT_FLASH.LIB                      18
   FL_INDEX_CMD_START              \AT_FLASH.LIB                      20
   FL_CMD_SIZE                     \AT_FLASH.LIB                      21


// Function call graph.
No call graph information available.
